// Jest Snapshot v1, https://goo.gl/fbAQLP

exports[`can sort by second column ascending 1`] = `
<table>
  <thead>
    <tr>
      <th
        onClick={[Function]}
      >
        Currency
      </th>
      <th
        onClick={[Function]}
      >
        Rate
      </th>
    </tr>
  </thead>
  <tbody>
    <tr
      key="AED"
    >
      <td
        key="AED0"
      >
        AED
      </td>
      <td
        key="AED1"
      >
        4.271175
      </td>
    </tr>
    <tr
      key="EGP"
    >
      <td
        key="EGP0"
      >
        EGP
      </td>
      <td
        key="EGP1"
      >
        20.790119
      </td>
    </tr>
    <tr
      key="AFN"
    >
      <td
        key="AFN0"
      >
        AFN
      </td>
      <td
        key="AFN1"
      >
        84.428054
      </td>
    </tr>
    <tr
      key="ZWL"
    >
      <td
        key="ZWL0"
      >
        ZWL
      </td>
      <td
        key="ZWL1"
      >
        374.873376
      </td>
    </tr>
  </tbody>
</table>
`;

exports[`can sort by second column descending 1`] = `
<table>
  <thead>
    <tr>
      <th
        onClick={[Function]}
      >
        Currency
      </th>
      <th
        onClick={[Function]}
      >
        Rate
      </th>
    </tr>
  </thead>
  <tbody>
    <tr
      key="ZWL"
    >
      <td
        key="ZWL0"
      >
        ZWL
      </td>
      <td
        key="ZWL1"
      >
        374.873376
      </td>
    </tr>
    <tr
      key="AFN"
    >
      <td
        key="AFN0"
      >
        AFN
      </td>
      <td
        key="AFN1"
      >
        84.428054
      </td>
    </tr>
    <tr
      key="EGP"
    >
      <td
        key="EGP0"
      >
        EGP
      </td>
      <td
        key="EGP1"
      >
        20.790119
      </td>
    </tr>
    <tr
      key="AED"
    >
      <td
        key="AED0"
      >
        AED
      </td>
      <td
        key="AED1"
      >
        4.271175
      </td>
    </tr>
  </tbody>
</table>
`;

exports[`can sort first column descending 1`] = `
<table>
  <thead>
    <tr>
      <th
        onClick={[Function]}
      >
        Currency
      </th>
      <th
        onClick={[Function]}
      >
        Rate
      </th>
    </tr>
  </thead>
  <tbody>
    <tr
      key="ZWL"
    >
      <td
        key="ZWL0"
      >
        ZWL
      </td>
      <td
        key="ZWL1"
      >
        374.873376
      </td>
    </tr>
    <tr
      key="EGP"
    >
      <td
        key="EGP0"
      >
        EGP
      </td>
      <td
        key="EGP1"
      >
        20.790119
      </td>
    </tr>
    <tr
      key="AFN"
    >
      <td
        key="AFN0"
      >
        AFN
      </td>
      <td
        key="AFN1"
      >
        84.428054
      </td>
    </tr>
    <tr
      key="AED"
    >
      <td
        key="AED0"
      >
        AED
      </td>
      <td
        key="AED1"
      >
        4.271175
      </td>
    </tr>
  </tbody>
</table>
`;

exports[`renders table that is initially sorted by currency ascending 1`] = `
<table>
  <thead>
    <tr>
      <th
        onClick={[Function]}
      >
        Currency
      </th>
      <th
        onClick={[Function]}
      >
        Rate
      </th>
    </tr>
  </thead>
  <tbody>
    <tr
      key="AED"
    >
      <td
        key="AED0"
      >
        AED
      </td>
      <td
        key="AED1"
      >
        4.271175
      </td>
    </tr>
    <tr
      key="AFN"
    >
      <td
        key="AFN0"
      >
        AFN
      </td>
      <td
        key="AFN1"
      >
        84.428054
      </td>
    </tr>
    <tr
      key="EGP"
    >
      <td
        key="EGP0"
      >
        EGP
      </td>
      <td
        key="EGP1"
      >
        20.790119
      </td>
    </tr>
    <tr
      key="ZWL"
    >
      <td
        key="ZWL0"
      >
        ZWL
      </td>
      <td
        key="ZWL1"
      >
        374.873376
      </td>
    </tr>
  </tbody>
</table>
`;
